// Jest Snapshot v1, https://goo.gl/fbAQLP

exports[`expect to render card component 1`] = `
<div>
  <div
    className="tc grow bg-light-green br3 pa3 ma2 dib bw2 shadow-5"
  >
    <img
      alt="robots"
      src="https://robohash.org/1?size=200x200"
    />
    <div>
      <h2>
        john snow
      </h2>
      <p>
        john.gmail.com
      </p>
    </div>
  </div>
</div>
`;
